✔ real SQLite claim preserves head/events/media, keeps multiple journeys, revokes only claimed browser access, survives restart (19.657792ms)
✔ concurrent same request is idempotent; competing account claim has one winner; changed request payload conflicts (6.371209ms)
✔ dual proof/confirmation required, untrusted request fields grant nothing; wrong browser cannot claim (4.262209ms)
✔ failure after binding write rolls back binding and receipt atomically (6.212208ms)
✔ identity invalidation during claim rolls back; late model action after claim cannot write using old cookie (6.429458ms)
✔ account switch while action awaits rejects stale verified actor and leaves head unchanged (4.465041ms)
✔ existing frontend selection and explicit claim flow uses real SQLite service, not a mock directory (11.185125ms)
✔ two independent processes/connections serialize competing claims and replay the same receipt (295.776542ms)
✔ account adapter retains existing authority in-flight dedupe for concurrent identical actions (18.057167ms)
✔ account adapter is disabled by default and never calls trusted dependency (11.042459ms)
✔ adapter requires trusted context each request; stable same account, scoped different account, no body identity fallback (6.83775ms)
✔ default client candidate goes directly to authority with cloud hint omitted (0.431667ms)
✔ public cloud rows never serve as authentication, empty-account proof or recovery-secret storage (0.947291ms)
✔ same mock authenticated account on fresh devices restores only an authority-listed journey (0.434041ms)
✔ account switch clears visible state, isolates selection cache, and rejects foreign cloud hint (0.280625ms)
✔ not-ready/guest does not query; cancelled and late account responses never restore stale UI (0.208458ms)
✔ old browser journey requires explicit confirmation, preserves both journeys, idempotent retry after lost response (0.450542ms)
✔ late claim after switching account cannot write selection or display another account journey (0.184792ms)
✔ optional cloud hint failure does not block the existing authoritative directory (0.136125ms)
✔ current configuration is 22 identities including Mira, pending nomads, and seven animal objects (1.459333ms)
✔ moving observed foot admits the same action through binding and reducer; pet preserves all prior facts (12.526333ms)
✔ old saves remain identical on readable validation; malformed optional memory fails closed (0.512ms)
✔ different day gains once up to three, calls have no familiarity gain or clock cost (6.553834ms)
✔ sleep, wrong scene, missing or invented foot, gull actions and bad verbs reject before mutation (2.047625ms)
✔ current dynamic geometry and all admitted daily residents keep animals, portals and crop regions safe (629.849583ms)
✔ paused old-position overlaps move only the animal; clock/map/reset remove temporary reactions (1.376375ms)
✔ SQLite existing authority: duplicate lost-response replay, competing CAS, restart and owner isolation (13.301542ms)
✔ clock uses committed minutes, exact period boundaries, no invalid coercion (1.055042ms)
✔ approved roster absence audit: exactly three cats and four gulls, no dog or crab expansion (0.260041ms)
✔ all actual map schedules have safe visible position in base/unlocked/dynamic geometry (35.435958ms)
✔ actual map continuous walking avoids obstacles, people, water, plots and door regions (214.5395ms)
✔ animal ground bodies leave all previously reachable actual portal approaches reachable (765.914084ms)
✔ old-save overlap changes only animal, across every scheduled actual placement (18.344625ms)
✔ new resident overlapping animal updates one shared footpoint, not player or owner (1.759ms)
✔ blocked safety region hides animal, no player relocation; reappears when safe (2.390083ms)
✔ sun rest, attention and night sleep: no nocturnal petting (3.196458ms)
✔ cat walk cadence has both contacts, consistent travel at 30/60/120Hz (8.924083ms)
✔ pause and giant frame do not accumulate elapsed or game time (1.521542ms)
✔ gull moves to safe nearby landing, wings cycle, lands and cooldown prevents immediate loop (2.304958ms)
✔ every gull day schedule in real geometry supports approached takeoff and safe landing (128.240083ms)
✔ gull has no safe retreat: stands with cooldown, no warp or perpetual flight (0.317417ms)
✔ gull retreat cannot cross an obstacle separating landing regions (3.758959ms)
✔ follow fixture stops short of owner and freezes when owner is absent or across map (85.464375ms)
✔ time jump, cut-map and restore remove old snapshots and do not duplicate individuals (4.751625ms)
✔ old save default is optional, no other field changed; different journeys isolated (0.156958ms)
✔ strict memory rejects invalid values and future cooldowns without rewriting old state (0.156ms)
✔ call and pet authority: one gain per game day, capped familiarity, input state immutable (0.426333ms)
✔ authority rejects spoofed target/scene, impossible foot, water/obstacles and distant player (0.717625ms)
✔ gulls and unseen/night entities never acquire pet actions or familiarity (0.678125ms)
✔ map protection derives actual crop bed and portal points, including empty beds (0.277583ms)
✔ missing or HOLD artwork never renders placeholder, source frame provenance required (0.868708ms)
✔ product projection without approved art emits no invisible body or clickable hotspot (0.35125ms)
✔ review JSON is fail closed in render, sheet and atomic projection for all absent/invalid/failed gates (2.866709ms)
✔ complete explicit accepted review passes, and valid hold/rejected never passes (0.42975ms)
✔ chapter bridge: legal route, receipt replay, restart and continued exploration (57.091208ms)
✔ chapter trail: legal route, receipt replay, restart and continued exploration (53.312792ms)
✔ chapter garden: legal route, receipt replay, restart and continued exploration (62.774041ms)
✔ legacy completion stays neutral, and incomplete saves get no chapter page (0.3135ms)
✔ fixed step is identical at 30/60/120fps (4.885375ms)
✔ recording replays actual health, positions and outcome, no declared win trusted (2.310041ms)
✔ one swing cannot hit twice across active frames (0.369084ms)
✔ obstacles occlude melee and cannot be tunneled with dodge (0.79025ms)
✔ three configurations validate; projectile mode has real projectiles (0.757ms)
✔ NaN, impossible geometry, overlapping spawns and inflated input fail (0.269917ms)
✔ reaching safe exit does not require defeating invulnerable target (0.198333ms)
✔ crop visuals use watered growth, remain species-correct and preserve stage when dry/reloaded (0.929709ms)
✔ twelve pinned crop images cover exactly all world stages and harvested species (1.985334ms)
✔ new bed group is on the garden side, reachable and distinct from the notice (11.242584ms)
✔ neutral initial questions, discovered bridge and prior answer gate follow-ups without reviving legacy topics (1.375875ms)
✔ closed/reloaded midway response restores without modifying story; locale restarts same exchange and scopes reject other journeys/people (1.237ms)
✔ free dialogue is possible immediately after introduction; failure does not consume topic or count success (8.936125ms)
✔ all introductions paginate into readable bilingual replies without dropping words (0.437584ms)
✔ two generated notebook visits: compiled rules, safe return, read-only main story, idempotency and isolation (1243.74725ms)
✔ fishing tension matters, controlled hold/release catches a fish (1.178625ms)
✔ holding blindly loses and cannot submit a made up win (0.309792ms)
✔ Mira addition restores existing knowledge without rewriting earlier history or repeating completed stories (3.374916ms)
✔ 13-resident-era bilingual saves reopen unchanged; CAS and replay preserve deferred facts (12.989375ms)
✔ production frozen edition is exactly the admitted recheck; deployment explicitly opts in (0.714916ms)
✔ contacts require actual distance; wall, pause, teleport and new room reset partial stride (0.480666ms)
✔ slow audio decode never backfills a footstep; one short step voice; mute/hidden/stop cancel it (7.435792ms)
✔ opt-in only; live switch aborts old work, ABA cannot revive a snapshot, logout becomes browser (0.706208ms)
✔ observe notifies once per actual identity transition; same account does not cancel (0.1265ms)
✔ map pan/pinch is bounded and drag cannot become a travel tap (0.571584ms)
✔ exact expiry boundary stops an unread edition but preserves an already-started story (3.085834ms)
✔ frozen news config opt-in retains source dates; expiry is not silently refreshed (0.30625ms)
✔ expired/unavailable stories reject free-dialogue topic resolution too (0.500375ms)
✔ an existing unread journey pins real news at its next notebook action; read legacy story stays intact (0.778292ms)
✔ fixed public source: private/test IPs, arbitrary URLs, redirects-as-URLs are denied (0.574125ms)
✔ RSS rejects entity expansion, oversize, missing timezone, future/stale, unsafe links and suspicious title (1.797375ms)
✔ dedup preserves revision; body changes supersede immutable history and stop new selection; expiry never deletes memory (0.429167ms)
✔ empty live catalog never silently displays frozen sample; malformed persisted edition rejected (0.550459ms)
✔ pinned edition, real authority CAS/replay/restart/isolation; updates visibly pause without erasing choices (15.357125ms)
✔ identical official RSS recheck changes only checked time and expiry of the same story (1.060042ms)
✔ explicit new configuration extends verification without repinning an already-started story (2.975166ms)
✔ six prior occupations, 22 configured identities, no unseen spoilers; all offline outcomes preserve mainline and wallet (8.251375ms)
✔ waiting stories persist through missed schedules and night; delayed consultation cannot be skipped (0.413584ms)
✔ actual local authority: completion response replay, restart and owner isolation (10.0115ms)
✔ outdoor trail portals have real signs, dry approaches, and reciprocal arrival points (108.066375ms)
✔ coast path and beach can be entered and returned through new approaches without changing story IDs (1.889791ms)
✔ new side bench uses a narrow deep footprint; tree crowns do not become rectangular obstacles (0.137625ms)
✔ new planting is grounded on dry land; unpotted foliage stays off paving (1.22275ms)
✔ public gateway: signed cookie, no caller owner, cross-origin/expired/missing-cookie guards (22.190042ms)
✔ temporary demo explicitly forwards unverified ID through original signed-cookie edge; normal mode strips it (2.118417ms)
✔ out-of-order handover: canonical choices and free-dialogue preview agree with completed facts (3.56675ms)
✔ normal order remains playable; failed premature handover leaves state untouched (0.642958ms)
✔ persisted completion survives restart, same receipt replay, duplicate and old model selection (17.356417ms)
✔ repair and route topics follow world completion even if their hints were skipped (1.812667ms)
✔ alternate route and garden agreement stay distinct from bridge repairs (1.47325ms)
✔ completed legacy facts prevent duplicate grants without changing historical save (0.421041ms)
✔ real resolver prompt uses current projection; selected completed-stage topic uses same reducer reply (0.573084ms)
✔ reading cache preserves historical wording without making it current task state (0.771125ms)
✔ late pre-handover AI response cannot overwrite a newer completed handover (4.283125ms)
✔ every actual NPC input has multiple distinct, bilingual, bounded examples without mutating the save (2.592333ms)
✔ completion overrides unconsumed old topics and absent consumed bag/materials after restore (0.6665ms)
✔ unknown person or mismatched scene yields spoiler-free generic fallback (0.181958ms)
✔ introductory examples do not leak optional repairs, trails or future clues (0.298125ms)
✔ context identity resets on relevant progress, locale, journey and person, not incidental version (0.102916ms)
✔ dynamic room observations do not imply the NPC knows them; completed repeat conversations retain examples (0.128084ms)
✔ lost response replays after database restart without repeating rewards (12.654084ms)
✔ failed model and failed transaction preserve head, events and receipt boundary (2.884917ms)
✔ bilingual cartridges preserve the same stat, location, item and character identities (0.144042ms)
✔ new player sees no unseen residents, places alone reveal nobody (1.263208ms)
✔ legacy projection restores explicit encounters once without mutating saves (0.319709ms)
✔ completed bag and lantern outrank old request text and absent inventory (0.105208ms)
✔ bridge route and garden completion suppress stale next steps (0.103167ms)
✔ current materials select exact next place and person links are known-only (0.23ms)
✔ casual conversation does not become unfinished assignment or numeric affection (0.095333ms)
✔ optional authored appointment: untriggered hidden, upcoming, present, missed and done (0.191584ms)
✔ resident schedules hidden before explicit routine conversation (0.063791ms)
✔ routine hints require known person AND an explicitly consumed routine conversation (0.967ms)
✔ routine is learned via normal topic once, remains in history, and does not advance time or unlock maps (1.47125ms)
✔ 20-minute arrival warning uses quick-travel semantics, suppresses same scene and locked destinations, never changes state (0.21225ms)
✔ next period and invitation guidance show known facts and sleeping option without a real clock (0.125917ms)
✔ old save defaults do not mutate it; clock monotonic with four periods and sleep catch-up (1.808917ms)
✔ each resident occupies one location in each daytime period, none at night; full stroll and approach are reachable (1119.199084ms)
✔ local observed moving NPC footpoint is bounded, near admission follows it; absence is rejected before model (1.508125ms)
✔ relationships emerge through follow-up conversation, evening opportunity recurs, rewards and examples use committed memories (2.089333ms)
✔ fern grows from committed elapsed time, sleep skips catch up, repeated care is harmlessly rejected (0.189333ms)
✔ SQLite restart and lost replies preserve clock/plant/memories; stale AI and other-owner writes cannot alter them (9.808792ms)
✔ legacy saved feet overlapping any new resident can exit without moving the save or leaving the patrol corridor (16.223333ms)
✔ all nine original NPCs retain task examples and follow up consumed life topics in examples and free-dialogue context (1.9755ms)
✔ daily activity groups retain an unobstructed reachable standing side (15.392958ms)
✔ two deployed UUIDs isolate browser storage and clear leaves shell login intact (1.608792ms)
✔ all actual scene spawns and interaction approaches are reachable (264.359083ms)
✔ new player cannot receive names or key before introduction, talked topics retire (2.270959ms)
✔ chapter has legal complete repair route; repeat rewards and remote actions blocked (1.796208ms)
✔ exported session authority commits, replays, isolates and rejects stale writes (4.230875ms)
✔ free question executes the same authored topic and never trusts model item rewards (0.594667ms)
✔ unmet introduction or distance fails before any model call (0.243375ms)
✔ broken bridge gap blocks feet until authoritative repair (0.054625ms)
{"geometryPositions":1638,"protectedAndApproachPaths":2004,"dynamicWorldBothModes":true}
{"animalVisibleFrameChecks":16080,"maximumAdmittedResidents":22,"cats":3,"gulls":4,"dynamicWorldBothModes":true}
✔ sealed roles match manifest, all three fixed art families are admitted by exact bytes (3.037125ms)
✔ every minute has one half-open schedule; exact activities, night absence and focus boundaries use only game time (12.32175ms)
✔ both branches in both locales require visible introductions, actual partner premise and correct place; 60-minute recall never rewards twice (12.519167ms)
✔ focus asks return authored boundary before resolver; end-of-work topics reopen and evenings keep life available (1.608666ms)
✔ optional memory preserves 13/19-era saves and rejects unknown, inconsistent, future or malformed records (0.809958ms)
✔ SQLite authoritative completion: duplicate receipt, competing alternate choice CAS, restart, stale command and owner isolation (49.853916ms)
✔ future 22 residents: every new patrol, approach and original door remains reachable with dynamic props; overlapping old feet move only the NPC (3031.298125ms)
✔ future 22 residents plus 3 cats/4 gulls simultaneously: bounded paths and protections stay valid at all schedule transitions (1062.327459ms)
✔ activity text never reveals a neighbor name before visible introduction (0.525ms)
✔ new farming targets all have reachable authored physical approaches (11.493333ms)
✔ three crops: one-time starter, watered growth, dry pause, one harvest and atomic sale/reseed (2.328333ms)
✔ closed shop preserves harvest; full purse never consumes it; malformed plots rejected; no offline mutation (0.777ms)
✔ fatigue follows committed awake minutes; zero energy can travel home, sleep resets without losing crops (0.18525ms)
✔ Mara stays through the early errand, owners leave but physical sports do not travel with them (0.199875ms)
✔ news has provenance, fictional branch choice persists, wrong examples cannot award completion or change core economy (1.078459ms)
✔ SQLite CAS/duplicate actions/concurrent selling/restart/owner isolation retain gardening and news (9.535125ms)
✔ concurrent harvest and lost reply grant one yield, not two (5.2995ms)
✔ scene cue skips slow decode, replaces prior cue, cancels steps, mute and hidden tails; no replay on restore (5.777291ms)
✔ pure rules: readable winning paths, non-dominant spam, terminal hit has no retaliation (1.39275ms)
✔ training costs nothing, old spar reward cannot repeat, tutorial completion is distinct (1.692125ms)
✔ mission once-only fee/reward, full purse defers without losing payment, repeat earns nothing (2.377833ms)
✔ pause allows harvesting and resident stories; resume retains latest inventory, clock and relationships (1.15625ms)
✔ supplies are explicit, consumed once, training cannot spend; unrelated items preserved (0.434875ms)
✔ world lock, coexistence, admission, stale rounds and malformed save are rejected (0.406833ms)
✔ SQLite: response-loss replay, CAS, restart and owner isolation preserve one turn/reward (14.837291ms)
✔ all five published resident stories complete through ordinary reducer actions during a paused bout (2.9825ms)
ℹ tests 176
ℹ suites 0
ℹ pass 176
ℹ fail 0
ℹ cancelled 0
ℹ skipped 0
ℹ todo 0
ℹ duration_ms 9289.941333
